PS C:\Users\cpat\Desktop\Test> mkdir backapi


    Directory: C:\Users\cpat\Desktop\Test


Mode                 LastWriteTime         Length Name
----                 -------------         ------ ----
d-----        21-02-2024     10:48                backapi


PS C:\Users\cpat\Desktop\Test> cd backapi
PS C:\Users\cpat\Desktop\Test\backapi> code -a.
PS C:\Users\cpat\Desktop\Test\backapi> code -a .
PS C:\Users\cpat\Desktop\Test\backapi> npm init
This utility will walk you through creating a package.json file.
It only covers the most common items, and tries to guess sensible defaults.

See `npm help init` for definitive documentation on these fields
and exactly what they do.

Use `npm install <pkg>` afterwards to install a package and
save it as a dependency in the package.json file.

Press ^C at any time to quit.
package name: (backapi)
version: (1.0.0)                                                                                                                                  
description: shivi api                                                                                                                            
entry point: (index.js)                                                                                                                           
test command:                                                                                                                                     
git repository:                                                                                                                                   
keywords:                                                                                                                                         
author: shivi                                                                                                                                     
license: (ISC)                                                                                                                                    
About to write to C:\Users\cpat\Desktop\Test\backapi\package.json:

{
  "name": "backapi",
  "version": "1.0.0",
  "description": "shivi api",
  "main": "index.js",
  "scripts": {
    "test": "echo \"Error: no test specified\" && exit 1"
  },
  "author": "shivi",
  "license": "ISC"
}


Is this OK? (yes)
PS C:\Users\cpat\Desktop\Test\backapi> npm i express
npm ERR! code ECONNRESET
npm ERR! syscall read
npm ERR! errno ECONNRESET
npm ERR! network request to https://registry.npmjs.org/express failed, reason: read ECONNRESET
npm ERR! network This is a problem related to network connectivity.
npm ERR! network In most cases you are behind a proxy or have bad network settings.
npm ERR! network
npm ERR! network If you are behind a proxy, please make sure that the
npm ERR! network 'proxy' config is set properly.  See: 'npm help config'

npm ERR! A complete log of this run can be found in: C:\Users\cpat\AppData\Local\npm-cache\_logs\2024-02-21T05_26_27_963Z-debug-0.log
PS C:\Users\cpat\Desktop\Test\backapi> npm i express
npm ERR! code ECONNRESET
npm ERR! syscall read
npm ERR! errno ECONNRESET
npm ERR! network request to https://registry.npmjs.org/express failed, reason: read ECONNRESET
npm ERR! network This is a problem related to network connectivity.
npm ERR! network In most cases you are behind a proxy or have bad network settings.
npm ERR! network
npm ERR! network If you are behind a proxy, please make sure that the
npm ERR! network 'proxy' config is set properly.  See: 'npm help config'

npm ERR! A complete log of this run can be found in: C:\Users\cpat\AppData\Local\npm-cache\_logs\2024-02-21T05_28_22_472Z-debug-0.log
PS C:\Users\cpat\Desktop\Test\backapi> npm i express
npm ERR! code ECONNRESET
npm ERR! syscall read
npm ERR! errno ECONNRESET
npm ERR! network request to https://registry.npmjs.org/express failed, reason: read ECONNRESET
npm ERR! network This is a problem related to network connectivity.
npm ERR! network In most cases you are behind a proxy or have bad network settings.
npm ERR! network
npm ERR! network If you are behind a proxy, please make sure that the
npm ERR! network 'proxy' config is set properly.  See: 'npm help config'

npm ERR! A complete log of this run can be found in: C:\Users\cpat\AppData\Local\npm-cache\_logs\2024-02-21T05_57_16_322Z-debug-0.log
PS C:\Users\cpat\Desktop\Test\backapi> npm i express

added 64 packages, and audited 65 packages in 4s

12 packages are looking for funding
  run `npm fund` for details

found 0 vulnerabilities
PS C:\Users\cpat\Desktop\Test\backapi> npm i cors

added 2 packages, and audited 67 packages in 1s

12 packages are looking for funding
  run `npm fund` for details

found 0 vulnerabilities
PS C:\Users\cpat\Desktop\Test\backapi> node -v
v20.11.1
PS C:\Users\cpat\Desktop\Test\backapi> node index.js
PS C:\Users\cpat\Desktop\Test\backapi> node index.js
I am live again
PS C:\Users\cpat\Desktop\Test\backapi> heroku -v
heroku : The term 'heroku' is not recognized as the name of a cmdlet, function, script file, or operable program. Check the spelling of the 
name, or if a path was included, verify that the path is correct and try again.
At line:1 char:1
+ heroku -v
+ ~~~~~~
    + CategoryInfo          : ObjectNotFound: (heroku:String) [], CommandNotFoundException
    + FullyQualifiedErrorId : CommandNotFoundException

PS C:\Users\cpat\Desktop\Test\backapi> npm install -g heroku
npm WARN EBADENGINE Unsupported engine {
npm WARN EBADENGINE   package: 'heroku@8.10.0',
npm WARN EBADENGINE   required: { node: '~16.20.0' },
npm WARN EBADENGINE   current: { node: 'v20.11.1', npm: '10.2.4' }
npm WARN EBADENGINE }
npm WARN deprecated @oclif/parser@3.8.17: Package no longer supported. Contact Support at https://www.npmjs.com/support for more info.
npm WARN deprecated @oclif/help@1.0.15: Package no longer supported. Contact Support at https://www.npmjs.com/support for more info.
npm WARN deprecated @oclif/screen@3.0.8: Package no longer supported. Contact Support at https://www.npmjs.com/support for more info.
npm WARN deprecated @oclif/errors@1.3.6: Package no longer supported. Contact Support at https://www.npmjs.com/support for more info.
npm WARN deprecated @oclif/config@1.18.17: Package no longer supported. Contact Support at https://www.npmjs.com/support for more info.
npm WARN deprecated strip-eof@2.0.0: Renamed to `strip-final-newline` to better represent its functionality.
npm WARN deprecated @oclif/color@0.1.2: Package no longer supported. Contact Support at https://www.npmjs.com/support for more info.
npm WARN deprecated @oclif/config@1.18.16: Package no longer supported. Contact Support at https://www.npmjs.com/support for more info.
npm WARN deprecated uuid@3.4.0: Please upgrade  to version 7 or higher.  Older versions may use Math.random() in certain circumstances, which is known to be problematic.  See https://v8.dev/blog/math-random for details.
npm WARN deprecated @oclif/command@1.8.36: Package no longer supported. Contact Support at https://www.npmjs.com/support for more info.
npm WARN deprecated @oclif/screen@1.0.4: Deprecated in favor of @oclif/core
npm WARN deprecated @oclif/screen@3.0.8: Package no longer supported. Contact Support at https://www.npmjs.com/support for more info.
npm WARN deprecated debug@4.1.1: Debug versions >=3.2.0 <3.2.7 || >=4 <4.3.1 have a low-severity ReDos regression when used in a Node.js environment. It is recommended you upgrade to 3.2.7 or 4.3.1. (https://github.com/visionmedia/debug/issues/797)
npm WARN deprecated uuid@3.3.2: Please upgrade  to version 7 or higher.  Older versions may use Math.random() in certain circumstances, which is known to be problematic.  See https://v8.dev/blog/math-random for details.
npm WARN deprecated @oclif/screen@1.0.4: Deprecated in favor of @oclif/core
npm WARN deprecated cli-ux@6.0.9: Package no longer supported. Contact Support at https://www.npmjs.com/support for more info.
npm WARN deprecated cli-ux@4.9.3: Package no longer supported. Contact Support at https://www.npmjs.com/support for more info.
npm WARN deprecated @heroku-cli/plugin-ps@8.1.7: Package no longer supported. Contact Support at https://www.npmjs.com/support for more info.     
npm WARN deprecated @heroku-cli/plugin-run@8.1.4: Package no longer supported. Contact Support at https://www.npmjs.com/support for more info.    

added 983 packages in 2m

41 packages are looking for funding
  run `npm fund` for details
PS C:\Users\cpat\Desktop\Test\backapi> heroku --version
heroku : File C:\Users\cpat\AppData\Roaming\npm\heroku.ps1 cannot be loaded because running scripts is disabled on this system. For more 
information, see about_Execution_Policies at https:/go.microsoft.com/fwlink/?LinkID=135170.
At line:1 char:1
+ heroku --version
+ ~~~~~~
    + CategoryInfo          : SecurityError: (:) [], PSSecurityException
    + FullyQualifiedErrorId : UnauthorizedAccess
PS C:\Users\cpat\Desktop\Test\backapi> heroku -v
heroku : File C:\Users\cpat\AppData\Roaming\npm\heroku.ps1 cannot be loaded because running scripts is disabled on this system. For more
information, see about_Execution_Policies at https:/go.microsoft.com/fwlink/?LinkID=135170.
At line:1 char:1
+ heroku -v
+ ~~~~~~
    + CategoryInfo          : SecurityError: (:) [], PSSecurityException
    + FullyQualifiedErrorId : UnauthorizedAccess
PS C:\Users\cpat\Desktop\Test\backapi> 

PS C:\Users\cpat\Desktop\Test\backapi> npm start
PS C:\Users\cpat\Desktop\Test\backapi> npm start

> backapi@1.0.0 start
> nodemon index.js

[nodemon] 3.0.3
[nodemon] to restart at any time, enter `rs`
[nodemon] watching path(s): *.*
[nodemon] watching extensions: js,mjs,cjs,json
[nodemon] starting `node index.js`
[
  {
    'CWPI Score': 85,
    Color: 'Blue',
    Department_id: 'Bihar Civil Engineering Department',
    Department_short_name: 'Civil Engineering',
    Month: 'February',
    Percentile: 75,
    Performance_percent: 90,
    'Project count': 5,
    Rank: 3,
    Year: 2024
  },
  {
    'CWPI Score': 92,
    Color: 'Green',
    Department_id: 'Bihar Urban Development Department',
    Department_short_name: 'Urban Development',
    Month: 'March',
    Percentile: 88,
    Performance_percent: 95,
    'Project count': 8,
    Rank: 1,
    Year: 2024
  },
  {
    'CWPI Score': 80,
    Color: 'Red',
    Department_id: 'Bihar Rural Development Department',
    Department_short_name: 'Rural Development',
    Month: 'April',
    Percentile: 70,
    Performance_percent: 85,
    'Project count': 6,
    Rank: 2,
    Year: 2024
  },
  {
    'CWPI Score': 88,
    Color: 'Yellow',
    Department_id: 'Bihar Water Resources Department',
    Department_short_name: 'Water Resources',
    Month: 'May',
    Percentile: 82,
    Performance_percent: 92,
    'Project count': 7,
    Rank: 1,
    Year: 2024
  },
  {
    'CWPI Score': 78,
    Color: 'Orange',
    Department_id: 'Bihar Transport Department',
    Department_short_name: 'Transport',
    Month: 'June',
    Percentile: 65,
    Performance_percent: 80,
    'Project count': 4,
    Rank: 3,
    Year: 2024
  }
]
node:events:496
      throw er; // Unhandled 'error' event
      ^

Error: listen EADDRINUSE: address already in use :::8000
    at Server.setupListenHandle [as _listen2] (node:net:1872:16)
    at listenInCluster (node:net:1920:12)
    at Server.listen (node:net:2008:7)
    at Function.listen (C:\Users\cpat\Desktop\Test\backapi\node_modules\express\lib\application.js:635:24)
    at Object.<anonymous> (C:\Users\cpat\Desktop\Test\backapi\index.js:30:5)
    at Module._compile (node:internal/modules/cjs/loader:1376:14)
    at Module._extensions..js (node:internal/modules/cjs/loader:1435:10)
    at Module.load (node:internal/modules/cjs/loader:1207:32)
    at Module._load (node:internal/modules/cjs/loader:1023:12)
    at Function.executeUserEntryPoint [as runMain] (node:internal/modules/run_main:135:12)
Emitted 'error' event on Server instance at:
    at emitErrorNT (node:net:1899:8)
    at process.processTicksAndRejections (node:internal/process/task_queues:82:21) {
  code: 'EADDRINUSE',
  errno: -4091,
  syscall: 'listen',
  address: '::',
  port: 8000
}

Node.js v20.11.1
[nodemon] app crashed - waiting for file changes before starting...
[nodemon] restarting due to changes...
[nodemon] starting `node index.js`
[
  {
    'CWPI Score': 85,
    Color: 'Blue',
    Department_id: 'Bihar Civil Engineering Department',
    Department_short_name: 'Civil Engineering',
    Month: 'February',
    Percentile: 75,
    Performance_percent: 90,
    'Project count': 5,
    Rank: 3,
    Year: 2024
  },
  {
    'CWPI Score': 92,
    Color: 'Green',
    Department_id: 'Bihar Urban Development Department',
    Department_short_name: 'Urban Development',
    Month: 'March',
    Percentile: 88,
    Performance_percent: 95,
    'Project count': 8,
    Rank: 1,
    Year: 2024
  },
  {
    'CWPI Score': 80,
    Color: 'Red',
    Department_id: 'Bihar Rural Development Department',
    Department_short_name: 'Rural Development',
    Month: 'April',
    Percentile: 70,
    Performance_percent: 85,
    'Project count': 6,
    Rank: 2,
    Year: 2024
  },
  {
    'CWPI Score': 88,
    Color: 'Yellow',
    Department_id: 'Bihar Water Resources Department',
    Department_short_name: 'Water Resources',
    Month: 'May',
    Percentile: 82,
    Performance_percent: 92,
    'Project count': 7,
    Rank: 1,
    Year: 2024
  },
  {
    'CWPI Score': 78,
    Color: 'Orange',
    Department_id: 'Bihar Transport Department',
    Department_short_name: 'Transport',
    Month: 'June',
    Percentile: 65,
    Performance_percent: 80,
    'Project count': 4,
    Rank: 3,
    Year: 2024
  }
]
I am live again
[nodemon] restarting due to changes...
[nodemon] starting `node index.js`
[
  {
    'CWPI Score': 85,
    Color: 'Blue',
    Department_id: 'Bihar Civil Engineering Department',
    Department_short_name: 'Civil Engineering',
    Month: 'February',
    Percentile: 75,
    Performance_percent: 90,
    'Project count': 5,
    Rank: 3,
    Year: 2024
  },
  {
    'CWPI Score': 92,
    Color: 'Green',
    Department_id: 'Bihar Urban Development Department',
    Department_short_name: 'Urban Development',
    Month: 'March',
    Percentile: 88,
    Performance_percent: 95,
    'Project count': 8,
    Rank: 1,
    Year: 2024
  },
  {
    'CWPI Score': 80,
    Color: 'Red',
    Department_id: 'Bihar Rural Development Department',
    Department_short_name: 'Rural Development',
    Month: 'April',
    Percentile: 70,
    Performance_percent: 85,
    'Project count': 6,
    Rank: 2,
    Year: 2024
  },
  {
    'CWPI Score': 88,
    Color: 'Yellow',
    Department_id: 'Bihar Water Resources Department',
    Department_short_name: 'Water Resources',
    Month: 'May',
    Percentile: 82,
    Performance_percent: 92,
    'Project count': 7,
    Rank: 1,
    Year: 2024
  },
  {
    'CWPI Score': 78,
    Color: 'Orange',
    Department_id: 'Bihar Transport Department',
    Department_short_name: 'Transport',
    Month: 'June',
    Percentile: 65,
    Performance_percent: 80,
    'Project count': 4,
    Rank: 3,
    Year: 2024
  }
]
I am live again
[nodemon] restarting due to changes...
[nodemon] starting `node index.js`
[
  {
    'CWPI Score': 85,
    Color: 'Blue',
    Department_id: 'Bihar Civil Engineering Department',
    Department_short_name: 'Civil Engineering',
    Month: 'February',
    Percentile: 75,
    Performance_percent: 90,
    'Project count': 5,
    Rank: 3,
    Year: 2024
  },
  {
    'CWPI Score': 92,
    Color: 'Green',
    Department_id: 'Bihar Urban Development Department',
    Department_short_name: 'Urban Development',
    Month: 'March',
    Percentile: 88,
    Performance_percent: 95,
    'Project count': 8,
    Rank: 1,
    Year: 2024
  },
  {
    'CWPI Score': 80,
    Color: 'Red',
    Department_id: 'Bihar Rural Development Department',
    Department_short_name: 'Rural Development',
    Month: 'April',
    Percentile: 70,
    Performance_percent: 85,
    'Project count': 6,
    Rank: 2,
    Year: 2024
  },
  {
    'CWPI Score': 88,
    Color: 'Yellow',
    Department_id: 'Bihar Water Resources Department',
    Department_short_name: 'Water Resources',
    Month: 'May',
    Percentile: 82,
    Performance_percent: 92,
    'Project count': 7,
    Rank: 1,
    Year: 2024
  },
  {
    'CWPI Score': 78,
    Color: 'Orange',
    Department_id: 'Bihar Transport Department',
    Department_short_name: 'Transport',
    Month: 'June',
    Percentile: 65,
    Performance_percent: 80,
    'Project count': 4,
    Rank: 3,
    Year: 2024
  }
]
I am live again
[
  {
    'CWPI Score': 85,
    Color: 'Blue',
    Department_id: 'Bihar Civil Engineering Department',
    Department_short_name: 'Civil Engineering',
    Month: 'February',
    Percentile: 75,
    Performance_percent: 90,
    'Project count': 5,
    Rank: 3,
    Year: 2024
  },
  {
    'CWPI Score': 92,
    Color: 'Green',
    Department_id: 'Bihar Urban Development Department',
    Department_short_name: 'Urban Development',
    Month: 'March',
    Percentile: 88,
    Performance_percent: 95,
    'Project count': 8,
    Rank: 1,
    Year: 2024
  },
  {
    'CWPI Score': 80,
    Color: 'Red',
    Department_id: 'Bihar Rural Development Department',
    Department_short_name: 'Rural Development',
    Month: 'April',
    Percentile: 70,
    Performance_percent: 85,
    'Project count': 6,
    Rank: 2,
    Year: 2024
  },
  {
    'CWPI Score': 88,
    Color: 'Yellow',
    Department_id: 'Bihar Water Resources Department',
    Department_short_name: 'Water Resources',
    Month: 'May',
    Percentile: 82,
    Performance_percent: 92,
    'Project count': 7,
    Rank: 1,
    Year: 2024
  },
  {
    'CWPI Score': 78,
    Color: 'Orange',
    Department_id: 'Bihar Transport Department',
    Department_short_name: 'Transport',
    Month: 'June',
    Percentile: 65,
    Performance_percent: 80,
    'Project count': 4,
    Rank: 3,
    Year: 2024
  }
]









